templates/Roku/playerBackUnHi.png
templates/Roku/player15secsUnhi.png
templates/Roku/playerSymbolAtProgressBarHDXUnhi.png
templates/Roku/playerSymbolAtProgressBarSDUnhi.png
templates/Roku/playerChapterGridUnhi.png
templates/Roku/playerRWButtonUnhi.png
templates/Roku/playerPlayButSymPauseNoFocus.png
templates/Roku/playerFFButtonUnhi.png
templates/Roku/playerPauseButtonUnhi.png
templates/Roku/playerCCEngUnHi.png
templates/Roku/mainMenuBellIcon.png
templates/Roku/mainMenuSetting.png
templates/test/playback_error.png
templates/test/playback_error_unhi.png
templates/Roku/player15secs.png
templates/Roku/detailPageDollarSign.png
templates/Roku/detailPageFree.png
templates/Roku/detailPageFreeUnHi.png
templates/Roku/detailPagePlay.png
templates/Roku/detailPagePurchase.png
templates/Roku/detailPageRate.png
templates/Roku/detailPageRateUnHi.png
templates/Roku/detailPageTrailer.png
templates/Roku/detailPageTrailerUnHi.png
images/color_calibration/blue_short.png
images/color_calibration/blue_tall.png
images/color_calibration/cyan_short.png
images/color_calibration/cyan_tall.png
images/color_calibration/gray_gradient.png
images/color_calibration/gray_tall.png
images/color_calibration/gray_light_tall.png
images/color_calibration/green_tall.png
images/color_calibration/magenta_tall.png
images/color_calibration/purple_short.png
images/color_calibration/red_short.png


